shota@kurokawotanoAir desktop % mkdir git_challenge
shota@kurokawotanoAir desktop % git init
Initialized empty Git repository in /Users/shota/Desktop/.git/
shota@kurokawotanoAir desktop % cd git_challenge
shota@kurokawotanoAir git_challenge % touch hello_world.txt
shota@kurokawotanoAir git_challenge % git add hello_world.txt

shota@kurokawotanoAir git_challenge % git commit -m "hello_wo
rld.txtを追加"
[main (root-commit) a53374e] hello_world.txtを追加
 1 file changed, 1 insertion(+)
 create mode 100644 git_challenge/hello_world.txt
shota@kurokawotanoAir git_challenge % git commit -m "日本語 訳を追記"
On branch main
Changes not staged for commit:
  (use "git add <file>..." to update what will be committed)
  (use "git restore <file>..." to discard changes in working directory)
        modified:   hello_world.txt

Untracked files:
  (use "git add <file>..." to include in what will be committed)
        ../.gitignore
        ../.localized
        ../git_tutorial/
        ../kadai_github/
        ../lesson/
        ../samurai-terakoya/

no changes added to commit (use "git add" and/or "git commit -a")
shota@kurokawotanoAir git_challenge % git log
commit a53374e18173456035fb42b1d5ca24c3e82c5873 (HEAD -> main)
Author: k-shota0827 <baseballshota12345@outlook.jp>
Date:   Tue Dec 5 22:39:14 2023 +0900

    hello_world.txtを追加
shota@kurokawotanoAir git_challenge % git add hello_world.tx
t
shota@kurokawotanoAir git_challenge % git commit -m "日本語 訳を追記"
[main 3beddff] 日本語訳を追記
 1 file changed, 2 insertions(+), 1 deletion(-)
shota@kurokawotanoAir git_challenge % git log
commit 3beddff10dba5e826fc3fa86f4c264f741525b92 (HEAD -> main)
Author: k-shota0827 <baseballshota12345@outlook.jp>
Date:   Tue Dec 5 22:45:11 2023 +0900

    日本語訳を追記

commit a53374e18173456035fb42b1d5ca24c3e82c5873
Author: k-shota0827 <baseballshota12345@outlook.jp>
Date:   Tue Dec 5 22:39:14 2023 +0900

    hello_world.txtを追加
shota@kurokawotanoAir git_challenge % git log --oneline
3beddff (HEAD -> main) 日本語訳を追記
a53374e hello_world.txtを追加